
> topik-app@0.1.0 tts:generate
> node scripts/generate_tts_cache.mjs --execute

Tìm thấy 1365 bản ghi, 1018 nội dung âm thanh duy nhất.
[1/1018] OK
[2/1018] OK
[3/1018] OK
[4/1018] OK
[5/1018] OK
[6/1018] OK
[7/1018] OK
[8/1018] OK
[9/1018] OK
[10/1018] OK
[11/1018] OK
[12/1018] OK
[13/1018] OK
[14/1018] OK
[15/1018] OK
[16/1018] OK
[17/1018] OK
[18/1018] OK
[19/1018] OK
[20/1018] OK
[21/1018] OK
[22/1018] OK
[23/1018] OK
[24/1018] OK
[25/1018] OK
[26/1018] OK
[27/1018] OK
[28/1018] OK
[29/1018] OK
[30/1018] OK
[31/1018] OK
[32/1018] OK
[33/1018] OK
[34/1018] OK
[35/1018] OK
[36/1018] OK
[37/1018] OK
[38/1018] OK
[39/1018] OK
[40/1018] OK
[41/1018] OK
[42/1018] OK
[43/1018] OK
[44/1018] OK
[45/1018] OK
[46/1018] OK
[47/1018] OK
[48/1018] OK
[49/1018] OK
[50/1018] OK
[51/1018] OK
[52/1018] OK
[53/1018] OK
[54/1018] OK
[55/1018] OK
[56/1018] OK
[57/1018] OK
[58/1018] OK
[59/1018] OK
[60/1018] OK
[61/1018] OK
[62/1018] OK
[63/1018] OK
[64/1018] OK
[65/1018] OK
[66/1018] OK
[67/1018] OK
[68/1018] OK
[69/1018] OK
[70/1018] OK
[71/1018] OK
[72/1018] OK
[73/1018] OK
[74/1018] OK
[75/1018] OK
[76/1018] OK
[77/1018] OK
[78/1018] OK
[79/1018] OK
[80/1018] OK
[81/1018] OK
[82/1018] OK
[83/1018] OK
[84/1018] OK
[85/1018] OK
[86/1018] OK
[87/1018] OK
[88/1018] OK
[89/1018] OK
[90/1018] OK
[91/1018] OK
[92/1018] OK
[93/1018] OK
[94/1018] OK
[95/1018] OK
[96/1018] OK
[97/1018] OK
[98/1018] OK
[99/1018] OK
[100/1018] OK
[101/1018] OK
[102/1018] OK
[103/1018] OK
[104/1018] OK
[105/1018] OK
[106/1018] OK
[107/1018] OK
[108/1018] OK
[109/1018] OK
[110/1018] OK
[111/1018] OK
[112/1018] OK
[113/1018] OK
[114/1018] OK
[115/1018] OK
[116/1018] OK
[117/1018] OK
[118/1018] OK
[119/1018] OK
[120/1018] OK
[121/1018] OK
[122/1018] OK
[123/1018] OK
[124/1018] OK
[125/1018] OK
[126/1018] OK
[127/1018] OK
[128/1018] OK
[129/1018] OK
[130/1018] OK
[131/1018] OK
[132/1018] OK
[133/1018] OK
[134/1018] OK
[135/1018] OK
[136/1018] OK
[137/1018] OK
[138/1018] OK
[139/1018] OK
[140/1018] OK
[141/1018] OK
[142/1018] OK
[143/1018] OK
[144/1018] OK
[145/1018] OK
[146/1018] OK
[147/1018] OK
[148/1018] OK
[149/1018] OK
[150/1018] OK
[151/1018] OK
[152/1018] OK
[153/1018] OK
[154/1018] OK
[155/1018] OK
[156/1018] OK
[157/1018] OK
[158/1018] OK
[159/1018] OK
[160/1018] OK
[161/1018] OK
[162/1018] OK
[163/1018] OK
[164/1018] OK
[165/1018] OK
[166/1018] OK
[167/1018] OK
[168/1018] OK
[169/1018] OK
[170/1018] OK
[171/1018] OK
[172/1018] OK
[173/1018] OK
[174/1018] OK
[175/1018] OK
[176/1018] OK
[177/1018] OK
[178/1018] OK
[179/1018] OK
[180/1018] OK
[181/1018] OK
[182/1018] OK
[183/1018] OK
[184/1018] OK
[185/1018] OK
[186/1018] OK
[187/1018] OK
[188/1018] OK
[189/1018] OK
[190/1018] OK
[191/1018] OK
[192/1018] OK
[193/1018] OK
[194/1018] OK
[195/1018] OK
[196/1018] OK
[197/1018] OK
[198/1018] OK
[199/1018] OK
[200/1018] OK
[201/1018] OK
[202/1018] OK
[203/1018] OK
[204/1018] OK
[205/1018] OK
[206/1018] OK
[207/1018] OK
[208/1018] OK
[209/1018] OK
[210/1018] OK
[211/1018] OK
[212/1018] OK
[213/1018] OK
[214/1018] OK
[215/1018] OK
[216/1018] OK
[217/1018] OK
[218/1018] OK
[219/1018] OK
[220/1018] OK
[221/1018] OK
[222/1018] OK
[223/1018] OK
[224/1018] OK
[225/1018] OK
[226/1018] OK
[227/1018] OK
[228/1018] OK
[229/1018] OK
[230/1018] OK
[231/1018] OK
[232/1018] OK
[233/1018] OK
[234/1018] OK
[235/1018] OK
[236/1018] OK
[237/1018] OK
[238/1018] OK
[239/1018] OK
[240/1018] OK
[241/1018] OK
[242/1018] OK
[243/1018] OK
[244/1018] OK
[245/1018] OK
[246/1018] OK
[247/1018] OK
[248/1018] OK
[249/1018] OK
[250/1018] OK
[251/1018] OK
[252/1018] OK
[253/1018] OK
[254/1018] OK
[255/1018] OK
[256/1018] OK
[257/1018] OK
[258/1018] OK
[259/1018] OK
[260/1018] OK
[261/1018] OK
[262/1018] OK
[263/1018] OK
[264/1018] OK
[265/1018] OK
[266/1018] OK
[267/1018] OK
[268/1018] OK
[269/1018] OK
[270/1018] OK
[271/1018] OK
[272/1018] OK
[273/1018] OK
[274/1018] OK
[275/1018] OK
[276/1018] OK
[277/1018] OK
[278/1018] OK
[279/1018] OK
[280/1018] OK
[281/1018] OK
[282/1018] OK
[283/1018] OK
[284/1018] OK
[285/1018] OK
[286/1018] OK
[287/1018] OK
[288/1018] OK
[289/1018] OK
[290/1018] OK
[291/1018] OK
[292/1018] OK
[293/1018] OK
[294/1018] OK
[295/1018] OK
[296/1018] OK
[297/1018] OK
[298/1018] OK
[299/1018] OK
[300/1018] OK
[301/1018] OK
[302/1018] OK
[303/1018] OK
[304/1018] OK
[305/1018] OK
[306/1018] OK
[307/1018] OK
[308/1018] OK
[309/1018] OK
[310/1018] OK
[311/1018] OK
[312/1018] OK
[313/1018] OK
[314/1018] OK
[315/1018] OK
[316/1018] OK
[317/1018] OK
[318/1018] OK
[319/1018] OK
[320/1018] OK
[321/1018] OK
[322/1018] OK
[323/1018] OK
[324/1018] OK
[325/1018] OK
[326/1018] OK
[327/1018] OK
[328/1018] OK
[329/1018] OK
[330/1018] OK
[331/1018] OK
[332/1018] OK
[333/1018] OK
[334/1018] OK
[335/1018] OK
[336/1018] OK
[337/1018] OK
[338/1018] OK
[339/1018] OK
[340/1018] OK
[341/1018] OK
[342/1018] OK
[343/1018] OK
[344/1018] OK
[345/1018] OK
[346/1018] OK
[347/1018] OK
[348/1018] OK
[349/1018] OK
[350/1018] OK
[351/1018] OK
[352/1018] OK
[353/1018] OK
[354/1018] OK
[355/1018] OK
[356/1018] OK
[357/1018] OK
[358/1018] OK
[359/1018] OK
[360/1018] OK
[361/1018] OK
[362/1018] OK
[363/1018] OK
[364/1018] OK
[365/1018] OK
[366/1018] OK
[367/1018] OK
[368/1018] OK
[369/1018] OK
[370/1018] OK
[371/1018] OK
[372/1018] OK
[373/1018] OK
[374/1018] OK
[375/1018] OK
[376/1018] OK
[377/1018] OK
[378/1018] OK
[379/1018] OK
[380/1018] OK
[381/1018] OK
[382/1018] OK
[383/1018] OK
[384/1018] OK
[385/1018] OK
[386/1018] OK
[387/1018] OK
[388/1018] OK
[389/1018] OK
[390/1018] OK
[391/1018] OK
[392/1018] OK
[393/1018] OK
[394/1018] OK
[395/1018] OK
[396/1018] OK
[397/1018] OK
[398/1018] OK
[399/1018] OK
[400/1018] OK
[401/1018] OK
[402/1018] OK
[403/1018] OK
[404/1018] OK
[405/1018] OK
[406/1018] OK
[407/1018] OK
[408/1018] OK
[409/1018] OK
[410/1018] OK
[411/1018] OK
[412/1018] OK
[413/1018] OK
[414/1018] OK
[415/1018] OK
[416/1018] OK
[417/1018] OK
[418/1018] OK
[419/1018] OK
[420/1018] OK
[421/1018] OK
[422/1018] OK
[423/1018] OK
[424/1018] OK
[425/1018] OK
[426/1018] OK
[427/1018] OK
[428/1018] OK
[429/1018] OK
[430/1018] OK
[431/1018] OK
[432/1018] OK
[433/1018] OK
[434/1018] OK
[435/1018] OK
[436/1018] OK
[437/1018] OK
[438/1018] OK
[439/1018] OK
[440/1018] OK
[441/1018] OK
[442/1018] OK
[443/1018] OK
[444/1018] OK
[445/1018] OK
[446/1018] OK
[447/1018] OK
[448/1018] OK
[449/1018] OK
[450/1018] OK
[451/1018] OK
[452/1018] OK
[453/1018] OK
[454/1018] OK
[455/1018] OK
[456/1018] OK
[457/1018] OK
[458/1018] OK
[459/1018] OK
[460/1018] OK
[461/1018] OK
[462/1018] OK
[463/1018] OK
[464/1018] OK
[465/1018] OK
[466/1018] OK
[467/1018] OK
[468/1018] OK
[469/1018] OK
[470/1018] OK
[471/1018] OK
[472/1018] OK
[473/1018] OK
[474/1018] OK
[475/1018] OK
[476/1018] OK
[477/1018] OK
[478/1018] OK
[479/1018] OK
[480/1018] OK
[481/1018] OK
[482/1018] OK
[483/1018] OK
[484/1018] OK
[485/1018] OK
[486/1018] OK
[487/1018] OK
[488/1018] OK
[489/1018] OK
[490/1018] OK
[491/1018] OK
[492/1018] OK
[493/1018] OK
[494/1018] OK
[495/1018] OK
[496/1018] OK
[497/1018] OK
[498/1018] OK
[499/1018] OK
[500/1018] OK
[501/1018] OK
[502/1018] OK
[503/1018] OK
[504/1018] OK
[505/1018] OK
[506/1018] OK
[507/1018] OK
[508/1018] OK
[509/1018] OK
[510/1018] OK
[511/1018] OK
[512/1018] OK
[513/1018] OK
[514/1018] OK
[515/1018] OK
[516/1018] OK
[517/1018] OK
[518/1018] OK
[519/1018] OK
[520/1018] OK
[521/1018] OK
[522/1018] OK
[523/1018] OK
[524/1018] OK
[525/1018] OK
[526/1018] OK
[527/1018] OK
[528/1018] OK
[529/1018] OK
[530/1018] OK
[531/1018] OK
[532/1018] OK
[533/1018] OK
[534/1018] OK
[535/1018] OK
[536/1018] OK
[537/1018] OK
[538/1018] OK
[539/1018] OK
[540/1018] OK
[541/1018] OK
[542/1018] OK
[543/1018] OK
[544/1018] OK
[545/1018] OK
[546/1018] OK
[547/1018] OK
[548/1018] OK
[549/1018] OK
[550/1018] OK
[551/1018] OK
[554/1018] OK
[571/1018] OK
[579/1018] OK
[598/1018] OK
[599/1018] OK
[600/1018] OK
[601/1018] OK
[602/1018] OK
[603/1018] OK
[604/1018] OK
[605/1018] OK
[674/1018] OK
[676/1018] OK
[692/1018] OK
[714/1018] OK
[743/1018] OK
[748/1018] OK
[760/1018] OK
[767/1018] OK
[789/1018] OK
[793/1018] OK
[795/1018] OK
[805/1018] OK
[812/1018] OK
[813/1018] OK
[834/1018] OK
[843/1018] OK
[844/1018] OK
[853/1018] OK
[1017/1018] OK
{ reused: 7, uploadedLegacy: 75, generated: 499, failed: 437 }
