
> topik-app@0.1.0 tts:generate
> node scripts/generate_tts_cache.mjs --execute

Tìm thấy 1365 bản ghi, 1018 nội dung âm thanh duy nhất.
Cache sẵn có: 581; cần ElevenLabs: 437.
[385/1018] OK
[386/1018] OK
[387/1018] OK
[388/1018] OK
[389/1018] OK
[390/1018] OK
[391/1018] OK
[392/1018] OK
[393/1018] OK
[394/1018] OK
[405/1018] OK
[406/1018] OK
[407/1018] OK
[408/1018] OK
[409/1018] OK
[410/1018] OK
[411/1018] OK
[412/1018] OK
[413/1018] OK
[414/1018] OK
[415/1018] OK
[416/1018] OK
[417/1018] OK
[418/1018] OK
[419/1018] OK
[420/1018] OK
[421/1018] OK
[422/1018] OK
[424/1018] OK
[425/1018] OK
[426/1018] OK
[427/1018] OK
[428/1018] OK
[429/1018] OK
[430/1018] OK
[431/1018] OK
[432/1018] OK
[433/1018] OK
[434/1018] OK
[435/1018] OK
[436/1018] OK
[437/1018] OK
[438/1018] OK
[444/1018] OK
[445/1018] OK
[446/1018] OK
[447/1018] OK
[448/1018] OK
[449/1018] OK
[450/1018] OK
[451/1018] OK
[452/1018] OK
[453/1018] OK
[454/1018] OK
[455/1018] OK
[456/1018] OK
[457/1018] OK
[458/1018] OK
[459/1018] OK
[462/1018] OK
[463/1018] OK
[464/1018] OK
[465/1018] OK
[466/1018] OK
[467/1018] OK
[468/1018] OK
[469/1018] OK
[470/1018] OK
[471/1018] OK
[472/1018] OK
[473/1018] OK
[474/1018] OK
[475/1018] OK
[476/1018] OK
[477/1018] OK
[478/1018] OK
[479/1018] OK
[480/1018] OK
[481/1018] OK
[482/1018] OK
[483/1018] OK
[484/1018] OK
[485/1018] OK
[486/1018] OK
[487/1018] OK
[488/1018] OK
[489/1018] OK
[490/1018] OK
[491/1018] OK
[492/1018] OK
[493/1018] OK
[494/1018] OK
[495/1018] OK
[496/1018] OK
[497/1018] OK
[498/1018] OK
[499/1018] OK
[500/1018] OK
[501/1018] OK
[502/1018] OK
[503/1018] OK
[504/1018] OK
[505/1018] OK
[506/1018] OK
[507/1018] OK
[508/1018] OK
[509/1018] OK
[510/1018] OK
[511/1018] OK
[512/1018] OK
[513/1018] OK
[522/1018] OK
[523/1018] OK
[524/1018] OK
[525/1018] OK
[526/1018] OK
[527/1018] OK
[528/1018] OK
[529/1018] OK
[530/1018] OK
[531/1018] OK
[532/1018] OK
[533/1018] OK
[534/1018] OK
[535/1018] OK
[536/1018] OK
[537/1018] OK
[540/1018] OK
[541/1018] OK
[542/1018] OK
[543/1018] OK
[544/1018] OK
[545/1018] OK
[546/1018] OK
[547/1018] OK
[548/1018] OK
[549/1018] OK
[550/1018] OK
[551/1018] OK
[552/1018] OK
[553/1018] OK
[554/1018] OK
[555/1018] OK
[556/1018] OK
[557/1018] OK
[558/1018] OK
[559/1018] OK
[560/1018] OK
[562/1018] OK
[563/1018] OK
[564/1018] OK
[565/1018] OK
[566/1018] OK
[567/1018] OK
[568/1018] OK
[569/1018] OK
[570/1018] OK
[571/1018] OK
[572/1018] OK
[573/1018] OK
[574/1018] OK
[575/1018] OK
[576/1018] OK
[577/1018] OK
[578/1018] OK
[579/1018] OK
[580/1018] OK
[581/1018] OK
[582/1018] OK
[583/1018] OK
[584/1018] OK
[585/1018] OK
[586/1018] OK
[587/1018] OK
[588/1018] OK
[589/1018] OK
[590/1018] OK
[591/1018] OK
[592/1018] OK
[593/1018] OK
[594/1018] OK
[595/1018] OK
[596/1018] OK
[597/1018] OK
[598/1018] OK
[606/1018] OK
[607/1018] OK
[608/1018] OK
[609/1018] OK
[610/1018] OK
[611/1018] OK
[612/1018] OK
[613/1018] OK
[614/1018] OK
[615/1018] OK
[616/1018] OK
[617/1018] OK
[618/1018] OK
[619/1018] OK
[620/1018] OK
[621/1018] OK
[622/1018] OK
[623/1018] OK
[624/1018] OK
[625/1018] OK
[626/1018] OK
[628/1018] OK
[629/1018] OK
[630/1018] OK
[631/1018] OK
[632/1018] OK
[633/1018] OK
[634/1018] OK
[635/1018] OK
[636/1018] OK
[637/1018] OK
[638/1018] OK
[639/1018] OK
[651/1018] OK
[652/1018] OK
[653/1018] OK
[654/1018] OK
[655/1018] OK
[797/1018] OK
[798/1018] OK
[799/1018] OK
[800/1018] OK
[801/1018] OK
[802/1018] OK
[803/1018] OK
[804/1018] OK
[805/1018] OK
[806/1018] OK
[810/1018] OK
[811/1018] OK
[812/1018] OK
[813/1018] OK
[814/1018] OK
[815/1018] OK
[816/1018] OK
[817/1018] OK
[818/1018] OK
[819/1018] OK
[820/1018] OK
[821/1018] OK
[822/1018] OK
[823/1018] OK
[824/1018] OK
[825/1018] OK
[826/1018] OK
[827/1018] OK
[828/1018] OK
[829/1018] OK
[830/1018] OK
[831/1018] OK
[832/1018] OK
[833/1018] OK
[834/1018] OK
[835/1018] OK
[836/1018] OK
[837/1018] OK
[838/1018] OK
[839/1018] OK
[840/1018] OK
[841/1018] OK
[842/1018] OK
[843/1018] OK
[844/1018] OK
[845/1018] OK
[846/1018] OK
[847/1018] OK
[848/1018] OK
[849/1018] OK
[850/1018] OK
[851/1018] OK
[852/1018] OK
[853/1018] OK
[854/1018] OK
[855/1018] OK
[856/1018] OK
[857/1018] OK
[858/1018] OK
[861/1018] OK
[862/1018] OK
[863/1018] OK
[864/1018] OK
[865/1018] OK
[866/1018] OK
[867/1018] OK
[868/1018] OK
[869/1018] OK
[870/1018] OK
[871/1018] OK
[872/1018] OK
[873/1018] OK
[874/1018] OK
[875/1018] OK
[876/1018] OK
[877/1018] OK
[878/1018] OK
[879/1018] OK
[880/1018] OK
[881/1018] OK
[882/1018] OK
[883/1018] OK
[884/1018] OK
[885/1018] OK
[886/1018] OK
[887/1018] OK
[888/1018] OK
[889/1018] OK
[890/1018] OK
[891/1018] OK
[892/1018] OK
[893/1018] OK
[894/1018] OK
[895/1018] OK
[896/1018] OK
[897/1018] OK
[898/1018] OK
[899/1018] OK
[900/1018] OK
[901/1018] OK
[902/1018] OK
[903/1018] OK
[904/1018] OK
[905/1018] OK
[906/1018] OK
[907/1018] OK
[908/1018] OK
[909/1018] OK
[910/1018] OK
[911/1018] OK
[912/1018] OK
[913/1018] OK
[914/1018] OK
[915/1018] OK
[916/1018] OK
[917/1018] OK
[918/1018] OK
[919/1018] OK
[920/1018] OK
[921/1018] OK
[922/1018] OK
[923/1018] OK
[925/1018] OK
[926/1018] OK
[927/1018] OK
[928/1018] OK
[929/1018] OK
[930/1018] OK
[931/1018] OK
[932/1018] OK
[933/1018] OK
[934/1018] OK
[935/1018] OK
[936/1018] OK
[937/1018] OK
[938/1018] OK
[939/1018] OK
[940/1018] OK
[941/1018] OK
[942/1018] OK
[943/1018] OK
[944/1018] OK
[945/1018] OK
[946/1018] OK
[947/1018] OK
[948/1018] OK
[949/1018] OK
[950/1018] OK
[951/1018] OK
[952/1018] OK
[953/1018] OK
[954/1018] OK
[955/1018] OK
[956/1018] OK
[957/1018] OK
[958/1018] OK
[959/1018] OK
[960/1018] OK
[961/1018] OK
[962/1018] OK
[963/1018] OK
[964/1018] OK
[965/1018] OK
[966/1018] OK
[967/1018] OK
[968/1018] OK
[969/1018] OK
[970/1018] OK
[971/1018] OK
[972/1018] OK
[973/1018] OK
[974/1018] OK
[975/1018] OK
[976/1018] OK
[977/1018] OK
[978/1018] OK
[979/1018] OK
[980/1018] OK
[982/1018] OK
[983/1018] OK
[984/1018] OK
[985/1018] OK
[986/1018] OK
[987/1018] OK
[988/1018] OK
[989/1018] OK
[990/1018] OK
[991/1018] OK
[992/1018] OK
[993/1018] OK
[994/1018] OK
[995/1018] OK
[996/1018] OK
[997/1018] OK
[998/1018] OK
[999/1018] OK
[1000/1018] OK
[1001/1018] OK
[1002/1018] OK
[1003/1018] OK
[1004/1018] OK
[1005/1018] OK
[1006/1018] OK
[1007/1018] OK
[1008/1018] OK
[1009/1018] OK
[1010/1018] OK
[1011/1018] OK
[1012/1018] OK
[1013/1018] OK
[1014/1018] OK
[1015/1018] OK
[1016/1018] OK
[1018/1018] OK
{
  reused: 581,
  uploadedLegacy: 0,
  generated: 437,
  failed: 0,
  remaining: 0,
  stoppedForQuota: false
}
